Archive member included to satisfy reference by file (symbol)

/home/boyan/.platformio/packages/toolchain-gccarmnoneeabi/bin/../lib/gcc/arm-none-eabi/7.2.1/thumb/v7e-m/libgcc.a(_aeabi_ldivmod.o)
                              .pio/build/genericSTM32F401RE/FrameworkHALDriver/Src/stm32f4xx_hal_irda.o (__aeabi_ldivmod)
/home/boyan/.platformio/packages/toolchain-gccarmnoneeabi/bin/../lib/gcc/arm-none-eabi/7.2.1/thumb/v7e-m/libgcc.a(_aeabi_uldivmod.o)
                              .pio/build/genericSTM32F401RE/FrameworkHALDriver/Src/stm32f4xx_hal_irda.o (__aeabi_uldivmod)
/home/boyan/.platformio/packages/toolchain-gccarmnoneeabi/bin/../lib/gcc/arm-none-eabi/7.2.1/thumb/v7e-m/libgcc.a(_udivmoddi4.o)
                              /home/boyan/.platformio/packages/toolchain-gccarmnoneeabi/bin/../lib/gcc/arm-none-eabi/7.2.1/thumb/v7e-m/libgcc.a(_aeabi_ldivmod.o) (__udivmoddi4)
/home/boyan/.platformio/packages/toolchain-gccarmnoneeabi/bin/../lib/gcc/arm-none-eabi/7.2.1/thumb/v7e-m/libgcc.a(_dvmd_tls.o)
                              /home/boyan/.platformio/packages/toolchain-gccarmnoneeabi/bin/../lib/gcc/arm-none-eabi/7.2.1/thumb/v7e-m/libgcc.a(_aeabi_ldivmod.o) (__aeabi_ldiv0)
.pio/build/genericSTM32F401RE/libFrameworkCMSISDevice.a(startup_stm32f401xe.o)
                              (Reset_Handler)
.pio/build/genericSTM32F401RE/libFrameworkCMSISDevice.a(system_stm32f4xx.o)
                              .pio/build/genericSTM32F401RE/libFrameworkCMSISDevice.a(startup_stm32f401xe.o) (SystemInit)
/home/boyan/.platformio/packages/toolchain-gccarmnoneeabi/bin/../lib/gcc/arm-none-eabi/7.2.1/../../../../arm-none-eabi/lib/thumb/v7e-m/libc_nano.a(lib_a-exit.o)
                              /home/boyan/.platformio/packages/toolchain-gccarmnoneeabi/bin/../lib/gcc/arm-none-eabi/7.2.1/../../../../arm-none-eabi/lib/thumb/v7e-m/crt0.o (exit)
/home/boyan/.platformio/packages/toolchain-gccarmnoneeabi/bin/../lib/gcc/arm-none-eabi/7.2.1/../../../../arm-none-eabi/lib/thumb/v7e-m/libc_nano.a(lib_a-impure.o)
                              /home/boyan/.platformio/packages/toolchain-gccarmnoneeabi/bin/../lib/gcc/arm-none-eabi/7.2.1/../../../../arm-none-eabi/lib/thumb/v7e-m/libc_nano.a(lib_a-exit.o) (_global_impure_ptr)
/home/boyan/.platformio/packages/toolchain-gccarmnoneeabi/bin/../lib/gcc/arm-none-eabi/7.2.1/../../../../arm-none-eabi/lib/thumb/v7e-m/libc_nano.a(lib_a-init.o)
                              /home/boyan/.platformio/packages/toolchain-gccarmnoneeabi/bin/../lib/gcc/arm-none-eabi/7.2.1/../../../../arm-none-eabi/lib/thumb/v7e-m/crt0.o (__libc_init_array)
/home/boyan/.platformio/packages/toolchain-gccarmnoneeabi/bin/../lib/gcc/arm-none-eabi/7.2.1/../../../../arm-none-eabi/lib/thumb/v7e-m/libc_nano.a(lib_a-memset.o)
                              /home/boyan/.platformio/packages/toolchain-gccarmnoneeabi/bin/../lib/gcc/arm-none-eabi/7.2.1/../../../../arm-none-eabi/lib/thumb/v7e-m/crt0.o (memset)
/home/boyan/.platformio/packages/toolchain-gccarmnoneeabi/bin/../lib/gcc/arm-none-eabi/7.2.1/../../../../arm-none-eabi/lib/thumb/v7e-m/libc_nano.a(lib_a-strlen.o)
                              .pio/build/genericSTM32F401RE/src/main.o (strlen)
/home/boyan/.platformio/packages/toolchain-gccarmnoneeabi/bin/../lib/gcc/arm-none-eabi/7.2.1/../../../../arm-none-eabi/lib/thumb/v7e-m/libnosys.a(_exit.o)
                              /home/boyan/.platformio/packages/toolchain-gccarmnoneeabi/bin/../lib/gcc/arm-none-eabi/7.2.1/../../../../arm-none-eabi/lib/thumb/v7e-m/libc_nano.a(lib_a-exit.o) (_exit)

Allocating common symbols
Common symbol       size              file

uwTick              0x4               .pio/build/genericSTM32F401RE/FrameworkHALDriver/Src/stm32f4xx_hal.o
pFlash              0x20              .pio/build/genericSTM32F401RE/FrameworkHALDriver/Src/stm32f4xx_hal_flash.o

Discarded input sections

 .text          0x0000000000000000        0x0 /home/boyan/.platformio/packages/toolchain-gccarmnoneeabi/bin/../lib/gcc/arm-none-eabi/7.2.1/thumb/v7e-m/crti.o
 .data          0x0000000000000000        0x0 /home/boyan/.platformio/packages/toolchain-gccarmnoneeabi/bin/../lib/gcc/arm-none-eabi/7.2.1/thumb/v7e-m/crti.o
 .bss           0x0000000000000000        0x0 /home/boyan/.platformio/packages/toolchain-gccarmnoneeabi/bin/../lib/gcc/arm-none-eabi/7.2.1/thumb/v7e-m/crti.o
 .data          0x0000000000000000        0x4 /home/boyan/.platformio/packages/toolchain-gccarmnoneeabi/bin/../lib/gcc/arm-none-eabi/7.2.1/thumb/v7e-m/crtbegin.o
 .text          0x0000000000000000       0x74 /home/boyan/.platformio/packages/toolchain-gccarmnoneeabi/bin/../lib/gcc/arm-none-eabi/7.2.1/../../../../arm-none-eabi/lib/thumb/v7e-m/crt0.o
 .data          0x0000000000000000        0x0 /home/boyan/.platformio/packages/toolchain-gccarmnoneeabi/bin/../lib/gcc/arm-none-eabi/7.2.1/../../../../arm-none-eabi/lib/thumb/v7e-m/crt0.o
[...]
Memory Configuration

Name             Origin             Length             Attributes
RAM              0x0000000020000000 0x0000000000018000 xrw
FLASH            0x0000000008000000 0x0000000000080000 xr
*default*        0x0000000000000000 0xffffffffffffffff

Linker script and memory map

LOAD /home/boyan/.platformio/packages/toolchain-gccarmnoneeabi/bin/../lib/gcc/arm-none-eabi/7.2.1/thumb/v7e-m/crti.o
LOAD /home/boyan/.platformio/packages/toolchain-gccarmnoneeabi/bin/../lib/gcc/arm-none-eabi/7.2.1/thumb/v7e-m/crtbegin.o
LOAD /home/boyan/.platformio/packages/toolchain-gccarmnoneeabi/bin/../lib/gcc/arm-none-eabi/7.2.1/../../../../arm-none-eabi/lib/thumb/v7e-m/crt0.o
LOAD .pio/build/genericSTM32F401RE/FrameworkHALDriver/Src/stm32f4xx_hal.o
LOAD .pio/build/genericSTM32F401RE/FrameworkHALDriver/Src/stm32f4xx_hal_adc.o
LOAD .pio/build/genericSTM32F401RE/FrameworkHALDriver/Src/stm32f4xx_hal_adc_ex.o
LOAD .pio/build/genericSTM32F401RE/FrameworkHALDriver/Src/stm32f4xx_hal_can.o
LOAD .pio/build/genericSTM32F401RE/FrameworkHALDriver/Src/stm32f4xx_hal_cec.o
LOAD .pio/build/genericSTM32F401RE/FrameworkHALDriver/Src/stm32f4xx_hal_cortex.o
LOAD .pio/build/genericSTM32F401RE/FrameworkHALDriver/Src/stm32f4xx_hal_crc.o
LOAD .pio/build/genericSTM32F401RE/FrameworkHALDriver/Src/stm32f4xx_hal_cryp.o
LOAD .pio/build/genericSTM32F401RE/FrameworkHALDriver/Src/stm32f4xx_hal_cryp_ex.o
LOAD .pio/build/genericSTM32F401RE/FrameworkHALDriver/Src/stm32f4xx_hal_dac.o
LOAD .pio/build/genericSTM32F401RE/FrameworkHALDriver/Src/stm32f4xx_hal_dac_ex.o
LOAD .pio/build/genericSTM32F401RE/FrameworkHALDriver/Src/stm32f4xx_hal_dcmi.o
LOAD .pio/build/genericSTM32F401RE/FrameworkHALDriver/Src/stm32f4xx_hal_dcmi_ex.o
LOAD .pio/build/genericSTM32F401RE/FrameworkHALDriver/Src/stm32f4xx_hal_dfsdm.o
LOAD .pio/build/genericSTM32F401RE/FrameworkHALDriver/Src/stm32f4xx_hal_dma.o
LOAD .pio/build/genericSTM32F401RE/FrameworkHALDriver/Src/stm32f4xx_hal_dma2d.o
LOAD .pio/build/genericSTM32F401RE/FrameworkHALDriver/Src/stm32f4xx_hal_dma_ex.o
LOAD .pio/build/genericSTM32F401RE/FrameworkHALDriver/Src/stm32f4xx_hal_dsi.o
LOAD .pio/build/genericSTM32F401RE/FrameworkHALDriver/Src/stm32f4xx_hal_eth.o
LOAD .pio/build/genericSTM32F401RE/FrameworkHALDriver/Src/stm32f4xx_hal_exti.o
LOAD .pio/build/genericSTM32F401RE/FrameworkHALDriver/Src/stm32f4xx_hal_flash.o
LOAD .pio/build/genericSTM32F401RE/FrameworkHALDriver/Src/stm32f4xx_hal_flash_ex.o
LOAD .pio/build/genericSTM32F401RE/FrameworkHALDriver/Src/stm32f4xx_hal_flash_ramfunc.o
LOAD .pio/build/genericSTM32F401RE/FrameworkHALDriver/Src/stm32f4xx_hal_fmpi2c.o
LOAD .pio/build/genericSTM32F401RE/FrameworkHALDriver/Src/stm32f4xx_hal_fmpi2c_ex.o
LOAD .pio/build/genericSTM32F401RE/FrameworkHALDriver/Src/stm32f4xx_hal_fmpsmbus.o
LOAD .pio/build/genericSTM32F401RE/FrameworkHALDriver/Src/stm32f4xx_hal_fmpsmbus_ex.o
LOAD .pio/build/genericSTM32F401RE/FrameworkHALDriver/Src/stm32f4xx_hal_gpio.o
LOAD .pio/build/genericSTM32F401RE/FrameworkHALDriver/Src/stm32f4xx_hal_hash.o
LOAD .pio/build/genericSTM32F401RE/FrameworkHALDriver/Src/stm32f4xx_hal_hash_ex.o
LOAD .pio/build/genericSTM32F401RE/FrameworkHALDriver/Src/stm32f4xx_hal_hcd.o
LOAD .pio/build/genericSTM32F401RE/FrameworkHALDriver/Src/stm32f4xx_hal_i2c.o
LOAD .pio/build/genericSTM32F401RE/FrameworkHALDriver/Src/stm32f4xx_hal_i2c_ex.o
LOAD .pio/build/genericSTM32F401RE/FrameworkHALDriver/Src/stm32f4xx_hal_i2s.o
LOAD .pio/build/genericSTM32F401RE/FrameworkHALDriver/Src/stm32f4xx_hal_i2s_ex.o
LOAD .pio/build/genericSTM32F401RE/FrameworkHALDriver/Src/stm32f4xx_hal_irda.o
LOAD .pio/build/genericSTM32F401RE/FrameworkHALDriver/Src/stm32f4xx_hal_iwdg.o
LOAD .pio/build/genericSTM32F401RE/FrameworkHALDriver/Src/stm32f4xx_hal_lptim.o
LOAD .pio/build/genericSTM32F401RE/FrameworkHALDriver/Src/stm32f4xx_hal_ltdc.o
LOAD .pio/build/genericSTM32F401RE/FrameworkHALDriver/Src/stm32f4xx_hal_ltdc_ex.o
LOAD .pio/build/genericSTM32F401RE/FrameworkHALDriver/Src/stm32f4xx_hal_mmc.o
LOAD .pio/build/genericSTM32F401RE/FrameworkHALDriver/Src/stm32f4xx_hal_nand.o
LOAD .pio/build/genericSTM32F401RE/FrameworkHALDriver/Src/stm32f4xx_hal_nor.o
LOAD .pio/build/genericSTM32F401RE/FrameworkHALDriver/Src/stm32f4xx_hal_pccard.o
LOAD .pio/build/genericSTM32F401RE/FrameworkHALDriver/Src/stm32f4xx_hal_pcd.o
LOAD .pio/build/genericSTM32F401RE/FrameworkHALDriver/Src/stm32f4xx_hal_pcd_ex.o
LOAD .pio/build/genericSTM32F401RE/FrameworkHALDriver/Src/stm32f4xx_hal_pwr.o
LOAD .pio/build/genericSTM32F401RE/FrameworkHALDriver/Src/stm32f4xx_hal_pwr_ex.o
LOAD .pio/build/genericSTM32F401RE/FrameworkHALDriver/Src/stm32f4xx_hal_qspi.o
LOAD .pio/build/genericSTM32F401RE/FrameworkHALDriver/Src/stm32f4xx_hal_rcc.o
LOAD .pio/build/genericSTM32F401RE/FrameworkHALDriver/Src/stm32f4xx_hal_rcc_ex.o
LOAD .pio/build/genericSTM32F401RE/FrameworkHALDriver/Src/stm32f4xx_hal_rng.o
LOAD .pio/build/genericSTM32F401RE/FrameworkHALDriver/Src/stm32f4xx_hal_rtc.o
LOAD .pio/build/genericSTM32F401RE/FrameworkHALDriver/Src/stm32f4xx_hal_rtc_ex.o
LOAD .pio/build/genericSTM32F401RE/FrameworkHALDriver/Src/stm32f4xx_hal_sai.o
LOAD .pio/build/genericSTM32F401RE/FrameworkHALDriver/Src/stm32f4xx_hal_sai_ex.o
LOAD .pio/build/genericSTM32F401RE/FrameworkHALDriver/Src/stm32f4xx_hal_sd.o
LOAD .pio/build/genericSTM32F401RE/FrameworkHALDriver/Src/stm32f4xx_hal_sdram.o
LOAD .pio/build/genericSTM32F401RE/FrameworkHALDriver/Src/stm32f4xx_hal_smartcard.o
LOAD .pio/build/genericSTM32F401RE/FrameworkHALDriver/Src/stm32f4xx_hal_smbus.o
LOAD .pio/build/genericSTM32F401RE/FrameworkHALDriver/Src/stm32f4xx_hal_spdifrx.o
LOAD .pio/build/genericSTM32F401RE/FrameworkHALDriver/Src/stm32f4xx_hal_spi.o
LOAD .pio/build/genericSTM32F401RE/FrameworkHALDriver/Src/stm32f4xx_hal_sram.o
LOAD .pio/build/genericSTM32F401RE/FrameworkHALDriver/Src/stm32f4xx_hal_tim.o
LOAD .pio/build/genericSTM32F401RE/FrameworkHALDriver/Src/stm32f4xx_hal_tim_ex.o
LOAD .pio/build/genericSTM32F401RE/FrameworkHALDriver/Src/stm32f4xx_hal_uart.o
LOAD .pio/build/genericSTM32F401RE/FrameworkHALDriver/Src/stm32f4xx_hal_usart.o
LOAD .pio/build/genericSTM32F401RE/FrameworkHALDriver/Src/stm32f4xx_hal_wwdg.o
LOAD .pio/build/genericSTM32F401RE/FrameworkHALDriver/Src/stm32f4xx_ll_adc.o
LOAD .pio/build/genericSTM32F401RE/FrameworkHALDriver/Src/stm32f4xx_ll_crc.o
LOAD .pio/build/genericSTM32F401RE/FrameworkHALDriver/Src/stm32f4xx_ll_dac.o
LOAD .pio/build/genericSTM32F401RE/FrameworkHALDriver/Src/stm32f4xx_ll_dma.o
LOAD .pio/build/genericSTM32F401RE/FrameworkHALDriver/Src/stm32f4xx_ll_dma2d.o
LOAD .pio/build/genericSTM32F401RE/FrameworkHALDriver/Src/stm32f4xx_ll_exti.o
LOAD .pio/build/genericSTM32F401RE/FrameworkHALDriver/Src/stm32f4xx_ll_fmc.o
LOAD .pio/build/genericSTM32F401RE/FrameworkHALDriver/Src/stm32f4xx_ll_fmpi2c.o
LOAD .pio/build/genericSTM32F401RE/FrameworkHALDriver/Src/stm32f4xx_ll_fsmc.o
LOAD .pio/build/genericSTM32F401RE/FrameworkHALDriver/Src/stm32f4xx_ll_gpio.o
LOAD .pio/build/genericSTM32F401RE/FrameworkHALDriver/Src/stm32f4xx_ll_i2c.o
LOAD .pio/build/genericSTM32F401RE/FrameworkHALDriver/Src/stm32f4xx_ll_lptim.o
LOAD .pio/build/genericSTM32F401RE/FrameworkHALDriver/Src/stm32f4xx_ll_pwr.o
LOAD .pio/build/genericSTM32F401RE/FrameworkHALDriver/Src/stm32f4xx_ll_rcc.o
LOAD .pio/build/genericSTM32F401RE/FrameworkHALDriver/Src/stm32f4xx_ll_rng.o
LOAD .pio/build/genericSTM32F401RE/FrameworkHALDriver/Src/stm32f4xx_ll_rtc.o
LOAD .pio/build/genericSTM32F401RE/FrameworkHALDriver/Src/stm32f4xx_ll_sdmmc.o
LOAD .pio/build/genericSTM32F401RE/FrameworkHALDriver/Src/stm32f4xx_ll_spi.o
LOAD .pio/build/genericSTM32F401RE/FrameworkHALDriver/Src/stm32f4xx_ll_tim.o
LOAD .pio/build/genericSTM32F401RE/FrameworkHALDriver/Src/stm32f4xx_ll_usart.o
LOAD .pio/build/genericSTM32F401RE/FrameworkHALDriver/Src/stm32f4xx_ll_usb.o
LOAD .pio/build/genericSTM32F401RE/FrameworkHALDriver/Src/stm32f4xx_ll_utils.o
LOAD .pio/build/genericSTM32F401RE/src/main.o
START GROUP
LOAD /home/boyan/.platformio/packages/toolchain-gccarmnoneeabi/bin/../lib/gcc/arm-none-eabi/7.2.1/thumb/v7e-m/libgcc.a
LOAD /home/boyan/.platformio/packages/toolchain-gccarmnoneeabi/bin/../lib/gcc/arm-none-eabi/7.2.1/../../../../arm-none-eabi/lib/thumb/v7e-m/libstdc++_nano.a
LOAD /home/boyan/.platformio/packages/toolchain-gccarmnoneeabi/bin/../lib/gcc/arm-none-eabi/7.2.1/../../../../arm-none-eabi/lib/thumb/v7e-m/libnosys.a
LOAD .pio/build/genericSTM32F401RE/libFrameworkCMSISDevice.a
END GROUP
LOAD /home/boyan/.platformio/packages/toolchain-gccarmnoneeabi/bin/../lib/gcc/arm-none-eabi/7.2.1/../../../../arm-none-eabi/lib/thumb/v7e-m/libstdc++_nano.a
LOAD /home/boyan/.platformio/packages/toolchain-gccarmnoneeabi/bin/../lib/gcc/arm-none-eabi/7.2.1/../../../../arm-none-eabi/lib/thumb/v7e-m/libm.a
LOAD /home/boyan/.platformio/packages/toolchain-gccarmnoneeabi/bin/../lib/gcc/arm-none-eabi/7.2.1/../../../../arm-none-eabi/lib/thumb/v7e-m/libc_nano.a
START GROUP
LOAD /home/boyan/.platformio/packages/toolchain-gccarmnoneeabi/bin/../lib/gcc/arm-none-eabi/7.2.1/thumb/v7e-m/libgcc.a
LOAD /home/boyan/.platformio/packages/toolchain-gccarmnoneeabi/bin/../lib/gcc/arm-none-eabi/7.2.1/../../../../arm-none-eabi/lib/thumb/v7e-m/libc_nano.a
END GROUP
START GROUP
LOAD /home/boyan/.platformio/packages/toolchain-gccarmnoneeabi/bin/../lib/gcc/arm-none-eabi/7.2.1/thumb/v7e-m/libgcc.a
LOAD /home/boyan/.platformio/packages/toolchain-gccarmnoneeabi/bin/../lib/gcc/arm-none-eabi/7.2.1/../../../../arm-none-eabi/lib/thumb/v7e-m/libc_nano.a
LOAD /home/boyan/.platformio/packages/toolchain-gccarmnoneeabi/bin/../lib/gcc/arm-none-eabi/7.2.1/../../../../arm-none-eabi/lib/thumb/v7e-m/libnosys.a
END GROUP
START GROUP
LOAD /home/boyan/.platformio/packages/toolchain-gccarmnoneeabi/bin/../lib/gcc/arm-none-eabi/7.2.1/thumb/v7e-m/libgcc.a
LOAD /home/boyan/.platformio/packages/toolchain-gccarmnoneeabi/bin/../lib/gcc/arm-none-eabi/7.2.1/../../../../arm-none-eabi/lib/thumb/v7e-m/libc_nano.a
LOAD /home/boyan/.platformio/packages/toolchain-gccarmnoneeabi/bin/../lib/gcc/arm-none-eabi/7.2.1/../../../../arm-none-eabi/lib/thumb/v7e-m/libnosys.a
END GROUP
LOAD /home/boyan/.platformio/packages/toolchain-gccarmnoneeabi/bin/../lib/gcc/arm-none-eabi/7.2.1/thumb/v7e-m/crtend.o
LOAD /home/boyan/.platformio/packages/toolchain-gccarmnoneeabi/bin/../lib/gcc/arm-none-eabi/7.2.1/thumb/v7e-m/crtn.o
                0x0000000020018000                _estack = (ORIGIN (RAM) + LENGTH (RAM))
                0x0000000000000200                _Min_Heap_Size = 0x200
                0x0000000000000400                _Min_Stack_Size = 0x400

.isr_vector     0x0000000008000000      0x194
                0x0000000008000000                . = ALIGN (0x4)
 *(.isr_vector)
 .isr_vector    0x0000000008000000      0x194 .pio/build/genericSTM32F401RE/libFrameworkCMSISDevice.a(startup_stm32f401xe.o)
                0x0000000008000000                g_pfnVectors
                0x0000000008000194                . = ALIGN (0x4)

.text           0x0000000008000194      0xb3c
                0x0000000008000194                . = ALIGN (0x4)
 *(.text)
 .text          0x0000000008000194       0x40 /home/boyan/.platformio/packages/toolchain-gccarmnoneeabi/bin/../lib/gcc/arm-none-eabi/7.2.1/thumb/v7e-m/crtbegin.o
 .text          0x00000000080001d4       0x30 /home/boyan/.platformio/packages/toolchain-gccarmnoneeabi/bin/../lib/gcc/arm-none-eabi/7.2.1/thumb/v7e-m/libgcc.a(_aeabi_uldivmod.o)
                0x00000000080001d4                __aeabi_uldivmod
 .text          0x0000000008000204      0x2cc /home/boyan/.platformio/packages/toolchain-gccarmnoneeabi/bin/../lib/gcc/arm-none-eabi/7.2.1/thumb/v7e-m/libgcc.a(_udivmoddi4.o)
                0x0000000008000204                __udivmoddi4
 .text          0x00000000080004d0        0x4 /home/boyan/.platformio/packages/toolchain-gccarmnoneeabi/bin/../lib/gcc/arm-none-eabi/7.2.1/thumb/v7e-m/libgcc.a(_dvmd_tls.o)
                0x00000000080004d0                __aeabi_ldiv0
                0x00000000080004d0                __aeabi_idiv0
 .text          0x00000000080004d4       0x10 /home/boyan/.platformio/packages/toolchain-gccarmnoneeabi/bin/../lib/gcc/arm-none-eabi/7.2.1/../../../../arm-none-eabi/lib/thumb/v7e-m/libc_nano.a(lib_a-strlen.o)
                0x00000000080004d4                strlen
 *(.text*)
 .text.HAL_InitTick
                0x00000000080004e4       0x48 .pio/build/genericSTM32F401RE/FrameworkHALDriver/Src/stm32f4xx_hal.o
                0x00000000080004e4                HAL_InitTick
 .text.HAL_Init
                0x000000000800052c       0x34 .pio/build/genericSTM32F401RE/FrameworkHALDriver/Src/stm32f4xx_hal.o
                0x000000000800052c                HAL_Init
 .text.HAL_GetTick
                0x0000000008000560        0xc .pio/build/genericSTM32F401RE/FrameworkHALDriver/Src/stm32f4xx_hal.o
                0x0000000008000560                HAL_GetTick
 .text.HAL_Delay
                0x000000000800056c       0x28 .pio/build/genericSTM32F401RE/FrameworkHALDriver/Src/stm32f4xx_hal.o
                0x000000000800056c                HAL_Delay
 .text.HAL_NVIC_SetPriorityGrouping
                0x0000000008000594       0x24 .pio/build/genericSTM32F401RE/FrameworkHALDriver/Src/stm32f4xx_hal_cortex.o
                0x0000000008000594                HAL_NVIC_SetPriorityGrouping
 .text.HAL_NVIC_SetPriority
                0x00000000080005b8       0x68 .pio/build/genericSTM32F401RE/FrameworkHALDriver/Src/stm32f4xx_hal_cortex.o
                0x00000000080005b8                HAL_NVIC_SetPriority
 .text.HAL_SYSTICK_Config
                0x0000000008000620       0x2c .pio/build/genericSTM32F401RE/FrameworkHALDriver/Src/stm32f4xx_hal_cortex.o
                0x0000000008000620                HAL_SYSTICK_Config
 .text.HAL_GPIO_Init
                0x000000000800064c      0x1b4 .pio/build/genericSTM32F401RE/FrameworkHALDriver/Src/stm32f4xx_hal_gpio.o
                0x000000000800064c                HAL_GPIO_Init
 .text.HAL_GPIO_TogglePin
                0x0000000008000800       0x12 .pio/build/genericSTM32F401RE/FrameworkHALDriver/Src/stm32f4xx_hal_gpio.o
                0x0000000008000800                HAL_GPIO_TogglePin
 *fill*         0x0000000008000812        0x2 
 .text.HAL_RCC_GetPCLK1Freq
                0x0000000008000814       0x20 .pio/build/genericSTM32F401RE/FrameworkHALDriver/Src/stm32f4xx_hal_rcc.o
                0x0000000008000814                HAL_RCC_GetPCLK1Freq
 .text.HAL_RCC_GetPCLK2Freq
                0x0000000008000834       0x20 .pio/build/genericSTM32F401RE/FrameworkHALDriver/Src/stm32f4xx_hal_rcc.o
                0x0000000008000834                HAL_RCC_GetPCLK2Freq
 .text.UART_EndRxTransfer
                0x0000000008000854       0x5c .pio/build/genericSTM32F401RE/FrameworkHALDriver/Src/stm32f4xx_hal_uart.o
 .text.UART_SetConfig
                0x00000000080008b0       0xbc .pio/build/genericSTM32F401RE/FrameworkHALDriver/Src/stm32f4xx_hal_uart.o
 .text.UART_WaitOnFlagUntilTimeout.constprop.2
                0x000000000800096c       0x64 .pio/build/genericSTM32F401RE/FrameworkHALDriver/Src/stm32f4xx_hal_uart.o
 .text.HAL_UART_MspInit
                0x00000000080009d0        0x2 .pio/build/genericSTM32F401RE/FrameworkHALDriver/Src/stm32f4xx_hal_uart.o
                0x00000000080009d0                HAL_UART_MspInit
 .text.HAL_UART_Init
                0x00000000080009d2       0x5e .pio/build/genericSTM32F401RE/FrameworkHALDriver/Src/stm32f4xx_hal_uart.o
                0x00000000080009d2                HAL_UART_Init
 .text.HAL_UART_Transmit
                0x0000000008000a30       0xa0 .pio/build/genericSTM32F401RE/FrameworkHALDriver/Src/stm32f4xx_hal_uart.o
                0x0000000008000a30                HAL_UART_Transmit
 .text._Z9GPIO_Initv
                0x0000000008000ad0       0x40 .pio/build/genericSTM32F401RE/src/main.o
                0x0000000008000ad0                GPIO_Init()
 .text._Z9UART_Initv
                0x0000000008000b10       0xac .pio/build/genericSTM32F401RE/src/main.o
                0x0000000008000b10                UART_Init()
 .text._Z5printPKc
                0x0000000008000bbc       0x20 .pio/build/genericSTM32F401RE/src/main.o
                0x0000000008000bbc                print(char const*)
 .text.startup.main
                0x0000000008000bdc       0x3c .pio/build/genericSTM32F401RE/src/main.o
                0x0000000008000bdc                main
 .text.HAL_MspInit
                0x0000000008000c18        0x2 .pio/build/genericSTM32F401RE/src/main.o
                0x0000000008000c18                HAL_MspInit
 *fill*         0x0000000008000c1a        0x2 
 .text.Reset_Handler
                0x0000000008000c1c       0x50 .pio/build/genericSTM32F401RE/libFrameworkCMSISDevice.a(startup_stm32f401xe.o)
                0x0000000008000c1c                Reset_Handler
 .text.Default_Handler
                0x0000000008000c6c        0x2 .pio/build/genericSTM32F401RE/libFrameworkCMSISDevice.a(startup_stm32f401xe.o)
                0x0000000008000c6c                RTC_Alarm_IRQHandler
                0x0000000008000c6c                EXTI2_IRQHandler
                0x0000000008000c6c                DebugMon_Handler
                0x0000000008000c6c                SPI4_IRQHandler
                0x0000000008000c6c                TIM1_CC_IRQHandler
                0x0000000008000c6c                DMA2_Stream5_IRQHandler
                0x0000000008000c6c                HardFault_Handler
                0x0000000008000c6c                DMA1_Stream5_IRQHandler
                0x0000000008000c6c                SysTick_Handler
                0x0000000008000c6c                PVD_IRQHandler
                0x0000000008000c6c                SDIO_IRQHandler
                0x0000000008000c6c                TAMP_STAMP_IRQHandler
                0x0000000008000c6c                PendSV_Handler
                0x0000000008000c6c                NMI_Handler
                0x0000000008000c6c                EXTI3_IRQHandler
                0x0000000008000c6c                TIM1_UP_TIM10_IRQHandler
                0x0000000008000c6c                I2C3_ER_IRQHandler
                0x0000000008000c6c                EXTI0_IRQHandler
                0x0000000008000c6c                I2C2_EV_IRQHandler
                0x0000000008000c6c                DMA1_Stream2_IRQHandler
                0x0000000008000c6c                FPU_IRQHandler
                0x0000000008000c6c                UsageFault_Handler
                0x0000000008000c6c                DMA2_Stream2_IRQHandler
                0x0000000008000c6c                SPI1_IRQHandler
                0x0000000008000c6c                TIM1_BRK_TIM9_IRQHandler
                0x0000000008000c6c                DMA2_Stream3_IRQHandler
                0x0000000008000c6c                USART6_IRQHandler
                0x0000000008000c6c                DMA2_Stream0_IRQHandler
                0x0000000008000c6c                TIM4_IRQHandler
                0x0000000008000c6c                I2C1_EV_IRQHandler
                0x0000000008000c6c                DMA1_Stream6_IRQHandler
                0x0000000008000c6c                DMA1_Stream1_IRQHandler
                0x0000000008000c6c                TIM3_IRQHandler
                0x0000000008000c6c                RCC_IRQHandler
                0x0000000008000c6c                Default_Handler
                0x0000000008000c6c                EXTI15_10_IRQHandler
                0x0000000008000c6c                ADC_IRQHandler
                0x0000000008000c6c                DMA1_Stream7_IRQHandler
                0x0000000008000c6c                TIM5_IRQHandler
                0x0000000008000c6c                DMA2_Stream7_IRQHandler
                0x0000000008000c6c                I2C3_EV_IRQHandler
                0x0000000008000c6c                EXTI9_5_IRQHandler
                0x0000000008000c6c                RTC_WKUP_IRQHandler
                0x0000000008000c6c                SPI2_IRQHandler
                0x0000000008000c6c                MemManage_Handler
                0x0000000008000c6c                DMA1_Stream0_IRQHandler
                0x0000000008000c6c                SVC_Handler
                0x0000000008000c6c                EXTI4_IRQHandler
                0x0000000008000c6c                WWDG_IRQHandler
                0x0000000008000c6c                TIM2_IRQHandler
                0x0000000008000c6c                OTG_FS_WKUP_IRQHandler
                0x0000000008000c6c                TIM1_TRG_COM_TIM11_IRQHandler
                0x0000000008000c6c                EXTI1_IRQHandler
                0x0000000008000c6c                USART2_IRQHandler
                0x0000000008000c6c                I2C2_ER_IRQHandler
                0x0000000008000c6c                DMA2_Stream1_IRQHandler
                0x0000000008000c6c                FLASH_IRQHandler
                0x0000000008000c6c                DMA2_Stream4_IRQHandler
                0x0000000008000c6c                BusFault_Handler
                0x0000000008000c6c                USART1_IRQHandler
                0x0000000008000c6c                OTG_FS_IRQHandler
                0x0000000008000c6c                SPI3_IRQHandler
                0x0000000008000c6c                DMA1_Stream4_IRQHandler
                0x0000000008000c6c                I2C1_ER_IRQHandler
                0x0000000008000c6c                DMA2_Stream6_IRQHandler
                0x0000000008000c6c                DMA1_Stream3_IRQHandler
 .text.SystemInit
                0x0000000008000c6e        0x2 .pio/build/genericSTM32F401RE/libFrameworkCMSISDevice.a(system_stm32f4xx.o)
                0x0000000008000c6e                SystemInit
 .text.__libc_init_array
                0x0000000008000c70       0x48 /home/boyan/.platformio/packages/toolchain-gccarmnoneeabi/bin/../lib/gcc/arm-none-eabi/7.2.1/../../../../arm-none-eabi/lib/thumb/v7e-m/libc_nano.a(lib_a-init.o)
                0x0000000008000c70                __libc_init_array
 *(.glue_7)
 .glue_7        0x0000000008000cb8        0x0 linker stubs
 *(.glue_7t)
 .glue_7t       0x0000000008000cb8        0x0 linker stubs
 *(.eh_frame)
 .eh_frame      0x0000000008000cb8        0x0 /home/boyan/.platformio/packages/toolchain-gccarmnoneeabi/bin/../lib/gcc/arm-none-eabi/7.2.1/thumb/v7e-m/crtbegin.o
 *(.init)
 .init          0x0000000008000cb8        0x4 /home/boyan/.platformio/packages/toolchain-gccarmnoneeabi/bin/../lib/gcc/arm-none-eabi/7.2.1/thumb/v7e-m/crti.o
                0x0000000008000cb8                _init
 .init          0x0000000008000cbc        0x8 /home/boyan/.platformio/packages/toolchain-gccarmnoneeabi/bin/../lib/gcc/arm-none-eabi/7.2.1/thumb/v7e-m/crtn.o
 *(.fini)
 .fini          0x0000000008000cc4        0x4 /home/boyan/.platformio/packages/toolchain-gccarmnoneeabi/bin/../lib/gcc/arm-none-eabi/7.2.1/thumb/v7e-m/crti.o
                0x0000000008000cc4                _fini
 .fini          0x0000000008000cc8        0x8 /home/boyan/.platformio/packages/toolchain-gccarmnoneeabi/bin/../lib/gcc/arm-none-eabi/7.2.1/thumb/v7e-m/crtn.o
                0x0000000008000cd0                . = ALIGN (0x4)
                0x0000000008000cd0                _etext = .

.vfp11_veneer   0x0000000008000cd0        0x0
 .vfp11_veneer  0x0000000008000cd0        0x0 linker stubs

.v4_bx          0x0000000008000cd0        0x0
 .v4_bx         0x0000000008000cd0        0x0 linker stubs

.iplt           0x0000000008000cd0        0x0
 .iplt          0x0000000008000cd0        0x0 /home/boyan/.platformio/packages/toolchain-gccarmnoneeabi/bin/../lib/gcc/arm-none-eabi/7.2.1/thumb/v7e-m/crtbegin.o

.rodata         0x0000000008000cd0       0x20
                0x0000000008000cd0                . = ALIGN (0x4)
 *(.rodata)
 *(.rodata*)
 .rodata.main.str1.1
                0x0000000008000cd0       0x17 .pio/build/genericSTM32F401RE/src/main.o
 .rodata.APBPrescTable
                0x0000000008000ce7        0x8 .pio/build/genericSTM32F401RE/libFrameworkCMSISDevice.a(system_stm32f4xx.o)
                0x0000000008000ce7                APBPrescTable
                0x0000000008000cf0                . = ALIGN (0x4)
 *fill*         0x0000000008000cef        0x1 

.ARM.extab      0x0000000008000cf0        0x0
                0x0000000008000cf0                . = ALIGN (0x4)
 *(.ARM.extab* .gnu.linkonce.armextab.*)
                0x0000000008000cf0                . = ALIGN (0x4)

.ARM            0x0000000008000cf0        0x8
                0x0000000008000cf0                . = ALIGN (0x4)
                0x0000000008000cf0                __exidx_start = .
 *(.ARM.exidx*)
 .ARM.exidx     0x0000000008000cf0        0x8 /home/boyan/.platformio/packages/toolchain-gccarmnoneeabi/bin/../lib/gcc/arm-none-eabi/7.2.1/thumb/v7e-m/libgcc.a(_udivmoddi4.o)
                0x0000000008000cf8                __exidx_end = .
                0x0000000008000cf8                . = ALIGN (0x4)

.rel.dyn        0x0000000008000cf8        0x0
 .rel.iplt      0x0000000008000cf8        0x0 /home/boyan/.platformio/packages/toolchain-gccarmnoneeabi/bin/../lib/gcc/arm-none-eabi/7.2.1/thumb/v7e-m/crtbegin.o

.preinit_array  0x0000000008000cf8        0x0
                0x0000000008000cf8                . = ALIGN (0x4)
                0x0000000008000cf8                PROVIDE (__preinit_array_start, .)
 *(.preinit_array*)
                0x0000000008000cf8                PROVIDE (__preinit_array_end, .)
                0x0000000008000cf8                . = ALIGN (0x4)

.init_array     0x0000000008000cf8        0x4
                0x0000000008000cf8                . = ALIGN (0x4)
                0x0000000008000cf8                PROVIDE (__init_array_start, .)
 *(SORT_BY_NAME(.init_array.*))
 *(.init_array*)
 .init_array    0x0000000008000cf8        0x4 /home/boyan/.platformio/packages/toolchain-gccarmnoneeabi/bin/../lib/gcc/arm-none-eabi/7.2.1/thumb/v7e-m/crtbegin.o
                0x0000000008000cfc                PROVIDE (__init_array_end, .)
                0x0000000008000cfc                . = ALIGN (0x4)

.fini_array     0x0000000008000cfc        0x4
                0x0000000008000cfc                . = ALIGN (0x4)
                [!provide]                        PROVIDE (__fini_array_start, .)
 *(SORT_BY_NAME(.fini_array.*))
 *(.fini_array*)
 .fini_array    0x0000000008000cfc        0x4 /home/boyan/.platformio/packages/toolchain-gccarmnoneeabi/bin/../lib/gcc/arm-none-eabi/7.2.1/thumb/v7e-m/crtbegin.o
                [!provide]                        PROVIDE (__fini_array_end, .)
                0x0000000008000d00                . = ALIGN (0x4)
                0x0000000008000d00                _sidata = LOADADDR (.data)

.data           0x0000000020000000        0xc load address 0x0000000008000d00
                0x0000000020000000                . = ALIGN (0x4)
                0x0000000020000000                _sdata = .
 *(.data)
 *(.data*)
 .data.uwTickFreq
                0x0000000020000000        0x1 .pio/build/genericSTM32F401RE/FrameworkHALDriver/Src/stm32f4xx_hal.o
                0x0000000020000000                uwTickFreq
 *fill*         0x0000000020000001        0x3 
 .data.uwTickPrio
                0x0000000020000004        0x4 .pio/build/genericSTM32F401RE/FrameworkHALDriver/Src/stm32f4xx_hal.o
                0x0000000020000004                uwTickPrio
 .data.SystemCoreClock
                0x0000000020000008        0x4 .pio/build/genericSTM32F401RE/libFrameworkCMSISDevice.a(system_stm32f4xx.o)
                0x0000000020000008                SystemCoreClock
 *(.RamFunc)
 *(.RamFunc*)
                0x000000002000000c                . = ALIGN (0x4)
                0x000000002000000c                _edata = .

.igot.plt       0x000000002000000c        0x0 load address 0x0000000008000d0c
 .igot.plt      0x000000002000000c        0x0 /home/boyan/.platformio/packages/toolchain-gccarmnoneeabi/bin/../lib/gcc/arm-none-eabi/7.2.1/thumb/v7e-m/crtbegin.o
                0x000000002000000c                . = ALIGN (0x4)

.bss            0x000000002000000c       0x68 load address 0x0000000008000d0c
                0x000000002000000c                _sbss = .
                0x000000002000000c                __bss_start__ = _sbss
 *(.bss)
 .bss           0x000000002000000c       0x1c /home/boyan/.platformio/packages/toolchain-gccarmnoneeabi/bin/../lib/gcc/arm-none-eabi/7.2.1/thumb/v7e-m/crtbegin.o
 *(.bss*)
 .bss.huart1    0x0000000020000028       0x48 .pio/build/genericSTM32F401RE/src/main.o
                0x0000000020000028                huart1
 *(COMMON)
 COMMON         0x0000000020000070        0x4 .pio/build/genericSTM32F401RE/FrameworkHALDriver/Src/stm32f4xx_hal.o
                0x0000000020000070                uwTick
                0x0000000020000074                . = ALIGN (0x4)
                0x0000000020000074                _ebss = .
                0x0000000020000074                __bss_end__ = _ebss

._user_heap_stack
                0x0000000020000074      0x604 load address 0x0000000008000d0c
                0x0000000020000078                . = ALIGN (0x8)
 *fill*         0x0000000020000074        0x4 
                [!provide]                        PROVIDE (end, .)
                [!provide]                        PROVIDE (_end, .)
                0x0000000020000278                . = (. + _Min_Heap_Size)
 *fill*         0x0000000020000078      0x200 
                0x0000000020000678                . = (. + _Min_Stack_Size)
 *fill*         0x0000000020000278      0x400 
                0x0000000020000678                . = ALIGN (0x8)

/DISCARD/
 libc.a(*)
 libm.a(*)
 libgcc.a(*)

.ARM.attributes
                0x0000000000000000       0x2a
 *(.ARM.attributes)
 .ARM.attributes
                0x0000000000000000       0x1e /home/boyan/.platformio/packages/toolchain-gccarmnoneeabi/bin/../lib/gcc/arm-none-eabi/7.2.1/thumb/v7e-m/crti.o
 .ARM.attributes
                0x000000000000001e       0x2e /home/boyan/.platformio/packages/toolchain-gccarmnoneeabi/bin/../lib/gcc/arm-none-eabi/7.2.1/thumb/v7e-m/crtbegin.o
 .ARM.attributes
                0x000000000000004c       0x33 .pio/build/genericSTM32F401RE/FrameworkHALDriver/Src/stm32f4xx_hal.o
 .ARM.attributes
                0x000000000000007f       0x33 .pio/build/genericSTM32F401RE/FrameworkHALDriver/Src/stm32f4xx_hal_cortex.o
 .ARM.attributes
                0x00000000000000b2       0x33 .pio/build/genericSTM32F401RE/FrameworkHALDriver/Src/stm32f4xx_hal_gpio.o
 .ARM.attributes
                0x00000000000000e5       0x33 .pio/build/genericSTM32F401RE/FrameworkHALDriver/Src/stm32f4xx_hal_rcc.o
 .ARM.attributes
                0x0000000000000118       0x33 .pio/build/genericSTM32F401RE/FrameworkHALDriver/Src/stm32f4xx_hal_uart.o
 .ARM.attributes
                0x000000000000014b       0x33 .pio/build/genericSTM32F401RE/src/main.o
 .ARM.attributes
                0x000000000000017e       0x1e /home/boyan/.platformio/packages/toolchain-gccarmnoneeabi/bin/../lib/gcc/arm-none-eabi/7.2.1/thumb/v7e-m/libgcc.a(_aeabi_uldivmod.o)
 .ARM.attributes
                0x000000000000019c       0x2e /home/boyan/.platformio/packages/toolchain-gccarmnoneeabi/bin/../lib/gcc/arm-none-eabi/7.2.1/thumb/v7e-m/libgcc.a(_udivmoddi4.o)
 .ARM.attributes
                0x00000000000001ca       0x1e /home/boyan/.platformio/packages/toolchain-gccarmnoneeabi/bin/../lib/gcc/arm-none-eabi/7.2.1/thumb/v7e-m/libgcc.a(_dvmd_tls.o)
 .ARM.attributes
                0x00000000000001e8       0x21 .pio/build/genericSTM32F401RE/libFrameworkCMSISDevice.a(startup_stm32f401xe.o)
 .ARM.attributes
                0x0000000000000209       0x33 .pio/build/genericSTM32F401RE/libFrameworkCMSISDevice.a(system_stm32f4xx.o)
 .ARM.attributes
                0x000000000000023c       0x2e /home/boyan/.platformio/packages/toolchain-gccarmnoneeabi/bin/../lib/gcc/arm-none-eabi/7.2.1/../../../../arm-none-eabi/lib/thumb/v7e-m/libc_nano.a(lib_a-init.o)
 .ARM.attributes
                0x000000000000026a       0x17 /home/boyan/.platformio/packages/toolchain-gccarmnoneeabi/bin/../lib/gcc/arm-none-eabi/7.2.1/../../../../arm-none-eabi/lib/thumb/v7e-m/libc_nano.a(lib_a-strlen.o)
 .ARM.attributes
                0x0000000000000281       0x1e /home/boyan/.platformio/packages/toolchain-gccarmnoneeabi/bin/../lib/gcc/arm-none-eabi/7.2.1/thumb/v7e-m/crtn.o
OUTPUT(.pio/build/genericSTM32F401RE/firmware.elf elf32-littlearm)

.comment        0x0000000000000000       0x7e
 .comment       0x0000000000000000       0x7e .pio/build/genericSTM32F401RE/FrameworkHALDriver/Src/stm32f4xx_hal.o
                                         0x7f (size before relaxing)
 .comment       0x000000000000007e       0x7f .pio/build/genericSTM32F401RE/FrameworkHALDriver/Src/stm32f4xx_hal_cortex.o
 .comment       0x000000000000007e       0x7f .pio/build/genericSTM32F401RE/FrameworkHALDriver/Src/stm32f4xx_hal_gpio.o
 .comment       0x000000000000007e       0x7f .pio/build/genericSTM32F401RE/FrameworkHALDriver/Src/stm32f4xx_hal_rcc.o
 .comment       0x000000000000007e       0x7f .pio/build/genericSTM32F401RE/FrameworkHALDriver/Src/stm32f4xx_hal_uart.o
 .comment       0x000000000000007e       0x7f .pio/build/genericSTM32F401RE/src/main.o
 .comment       0x000000000000007e       0x7f .pio/build/genericSTM32F401RE/libFrameworkCMSISDevice.a(system_stm32f4xx.o)

.debug_frame    0x0000000000000000       0x8c
 .debug_frame   0x0000000000000000       0x2c /home/boyan/.platformio/packages/toolchain-gccarmnoneeabi/bin/../lib/gcc/arm-none-eabi/7.2.1/thumb/v7e-m/libgcc.a(_aeabi_uldivmod.o)
 .debug_frame   0x000000000000002c       0x34 /home/boyan/.platformio/packages/toolchain-gccarmnoneeabi/bin/../lib/gcc/arm-none-eabi/7.2.1/thumb/v7e-m/libgcc.a(_udivmoddi4.o)
 .debug_frame   0x0000000000000060       0x2c /home/boyan/.platformio/packages/toolchain-gccarmnoneeabi/bin/../lib/gcc/arm-none-eabi/7.2.1/../../../../arm-none-eabi/lib/thumb/v7e-m/libc_nano.a(lib_a-init.o)
